******************************************************************************
                  MSP430 Linker PC v4.1.1                      
******************************************************************************
>> Linked Thu Oct 08 16:58:52 2015

OUTPUT FILE NAME:   <nldc1100.out>
ENTRY POINT SYMBOL: "_c_int00"  address: 0000ea7a


MEMORY CONFIGURATION

         name            origin    length      used     unused   attr    fill
----------------------  --------  ---------  --------  --------  ----  --------
  SFR                   00000000   00000010  00000000  00000010  RWIX
  PERIPHERALS_8BIT      00000010   000000f0  00000000  000000f0  RWIX
  PERIPHERALS_16BIT     00000100   00000100  00000000  00000100  RWIX
  INFOB                 00001800   00000080  00000000  00000080  RWIX
  INFOA                 00001880   00000080  00000000  00000080  RWIX
  RAM                   00001c00   00000400  00000279  00000187  RWIX
  FRAM_DATA             0000c200   000001f0  00000108  000000e8  RWIX
  FRAM                  0000c3f0   00003b90  0000295e  00001232  RWIX
  INT00                 0000ff80   00000002  00000000  00000002  RWIX
  INT01                 0000ff82   00000002  00000000  00000002  RWIX
  INT02                 0000ff84   00000002  00000000  00000002  RWIX
  INT03                 0000ff86   00000002  00000000  00000002  RWIX
  INT04                 0000ff88   00000002  00000000  00000002  RWIX
  INT05                 0000ff8a   00000002  00000000  00000002  RWIX
  INT06                 0000ff8c   00000002  00000000  00000002  RWIX
  INT07                 0000ff8e   00000002  00000000  00000002  RWIX
  INT08                 0000ff90   00000002  00000000  00000002  RWIX
  INT09                 0000ff92   00000002  00000000  00000002  RWIX
  INT10                 0000ff94   00000002  00000000  00000002  RWIX
  INT11                 0000ff96   00000002  00000000  00000002  RWIX
  INT12                 0000ff98   00000002  00000000  00000002  RWIX
  INT13                 0000ff9a   00000002  00000000  00000002  RWIX
  INT14                 0000ff9c   00000002  00000000  00000002  RWIX
  INT15                 0000ff9e   00000002  00000000  00000002  RWIX
  INT16                 0000ffa0   00000002  00000000  00000002  RWIX
  INT17                 0000ffa2   00000002  00000000  00000002  RWIX
  INT18                 0000ffa4   00000002  00000000  00000002  RWIX
  INT19                 0000ffa6   00000002  00000000  00000002  RWIX
  INT20                 0000ffa8   00000002  00000000  00000002  RWIX
  INT21                 0000ffaa   00000002  00000000  00000002  RWIX
  INT22                 0000ffac   00000002  00000000  00000002  RWIX
  INT23                 0000ffae   00000002  00000000  00000002  RWIX
  INT24                 0000ffb0   00000002  00000000  00000002  RWIX
  INT25                 0000ffb2   00000002  00000000  00000002  RWIX
  INT26                 0000ffb4   00000002  00000000  00000002  RWIX
  INT27                 0000ffb6   00000002  00000000  00000002  RWIX
  INT28                 0000ffb8   00000002  00000000  00000002  RWIX
  INT29                 0000ffba   00000002  00000000  00000002  RWIX
  INT30                 0000ffbc   00000002  00000000  00000002  RWIX
  INT31                 0000ffbe   00000002  00000000  00000002  RWIX
  INT32                 0000ffc0   00000002  00000000  00000002  RWIX
  INT33                 0000ffc2   00000002  00000000  00000002  RWIX
  INT34                 0000ffc4   00000002  00000000  00000002  RWIX
  INT35                 0000ffc6   00000002  00000000  00000002  RWIX
  INT36                 0000ffc8   00000002  00000000  00000002  RWIX
  INT37                 0000ffca   00000002  00000000  00000002  RWIX
  INT38                 0000ffcc   00000002  00000000  00000002  RWIX
  INT39                 0000ffce   00000002  00000002  00000000  RWIX
  INT40                 0000ffd0   00000002  00000000  00000002  RWIX
  INT41                 0000ffd2   00000002  00000000  00000002  RWIX
  INT42                 0000ffd4   00000002  00000002  00000000  RWIX
  INT43                 0000ffd6   00000002  00000002  00000000  RWIX
  INT44                 0000ffd8   00000002  00000002  00000000  RWIX
  INT45                 0000ffda   00000002  00000002  00000000  RWIX
  INT46                 0000ffdc   00000002  00000002  00000000  RWIX
  INT47                 0000ffde   00000002  00000002  00000000  RWIX
  INT48                 0000ffe0   00000002  00000002  00000000  RWIX
  INT49                 0000ffe2   00000002  00000002  00000000  RWIX
  INT50                 0000ffe4   00000002  00000002  00000000  RWIX
  INT51                 0000ffe6   00000002  00000002  00000000  RWIX
  INT52                 0000ffe8   00000002  00000000  00000002  RWIX
  INT53                 0000ffea   00000002  00000002  00000000  RWIX
  INT54                 0000ffec   00000002  00000002  00000000  RWIX
  INT55                 0000ffee   00000002  00000002  00000000  RWIX
  INT56                 0000fff0   00000002  00000000  00000002  RWIX
  INT57                 0000fff2   00000002  00000002  00000000  RWIX
  INT58                 0000fff4   00000002  00000002  00000000  RWIX
  INT59                 0000fff6   00000002  00000002  00000000  RWIX
  INT60                 0000fff8   00000002  00000002  00000000  RWIX
  INT61                 0000fffa   00000002  00000002  00000000  RWIX
  INT62                 0000fffc   00000002  00000002  00000000  RWIX
  RESET                 0000fffe   00000002  00000002  00000000  RWIX


SECTION ALLOCATION MAP

 output                                  attributes/
section   page    origin      length       input sections
--------  ----  ----------  ----------   ----------------
.bss       0    00001c00    000001e3     UNINITIALIZED
                  00001c00    000000b0     CC3000HostDriver.lib : security.obj (.bss)
                  00001cb0    00000092                          : wlan.obj (.bss)
                  00001d42    00000062     snet.obj (.bss)
                  00001da4    00000016     CC3000 Spi.lib : spi.obj (.bss)
                  00001dba    00000010     appmain.obj (.bss)
                  00001dca    00000008     rts430x.lib : _lock.obj (.bss)
                  00001dd2    00000008                 : boot.obj (.bss)
                  00001dda    00000004     CC3000HostDriver.lib : evnt_handler.obj (.bss)
                  00001dde    00000002     cc3000.obj (.bss)
                  00001de0    00000002     rts430x.lib : errno.obj (.bss)
                  00001de2    00000001     board.obj (.bss)

.stack     0    00001f68    00000096     UNINITIALIZED
                  00001f68    00000002     rts430x.lib : boot.obj (.stack)
                  00001f6a    00000094     --HOLE--

.FRAM_DATA 
*          0    0000c200    00000108     UNINITIALIZED
                  0000c200    00000108     CC3000 Spi.lib : spi.obj (.FRAM_DATA)

.cio       0    0000c400    00000000     UNINITIALIZED

.sysmem    0    0000c400    00000000     UNINITIALIZED

.cinit     0    0000c400    00000044     
                  0000c400    0000001e     snet.obj (.cinit)
                  0000c41e    0000000b     cc3000.obj (.cinit)
                  0000c429    00000001     --HOLE-- [fill = 0]
                  0000c42a    00000009     CC3000 Spi.lib : spi.obj (.cinit)
                  0000c433    00000001     --HOLE-- [fill = 0]
                  0000c434    00000008     CC3000HostDriver.lib : evnt_handler.obj (.cinit)
                  0000c43c    00000006     rts430x.lib : errno.obj (.cinit)
                  0000c442    00000002     --HOLE-- [fill = 0]

.pinit     0    0000c444    00000000     UNINITIALIZED

.const     0    0000c444    00000012     
                  0000c444    0000000e     snet.obj (.const:.string)
                  0000c452    00000004     snet.obj (.const:.string:$P$T0$1)

.text      0    0000c600    0000275e     
                  0000c600    0000057c     CC3000HostDriver.lib : evnt_handler.obj (.text:hci_event_handler)
                  0000cb7c    0000033c                          : evnt_handler.obj (.text:hci_unsol_event_handler)
                  0000ceb8    0000020c                          : socket.obj (.text:simple_link_send)
                  0000d0c4    00000162                          : hci.obj (.text:hci_patch_send)
                  0000d226    00000122     snet.obj (.text:OpenUdpPort_Mgr)
                  0000d348    00000112     snet.obj (.text:rcvdata_from)
                  0000d45a    000000f4     CC3000 Spi.lib : spi.obj (.text:SpiWrite)
                  0000d54e    000000f0     CC3000HostDriver.lib : socket.obj (.text:setsockopt)
                  0000d63e    000000ec     appmain.obj (.text:appMain)
                  0000d72a    000000e8     CC3000HostDriver.lib : evnt_handler.obj (.text:hci_unsol_handle_patch_request)
                  0000d812    000000dc                          : socket.obj (.text:bind)
                  0000d8ee    000000c2     CC3000 Spi.lib : spi.obj (.text:SpiReadDataCont)
                  0000d9b0    000000bc     snet.obj (.text:senddata_to)
                  0000da6c    000000ac     CC3000HostDriver.lib : wlan.obj (.text:wlan_start)
                  0000db18    000000a6                          : socket.obj (.text:simple_link_recv)
                  0000dbbe    0000009c                          : wlan.obj (.text:wlan_set_event_mask)
                  0000dc5a    00000098                          : socket.obj (.text:socket)
                  0000dcf2    00000090     cc3000.obj (.text:CC3000_AsyncEventCallback)
                  0000dd82    0000008c     features.obj (.text:feature_Interpreter)
                  0000de0e    00000088     CC3000HostDriver.lib : hci.obj (.text:hci_data_send)
                  0000de96    0000007e     cc3000.obj (.text:init_wifiDriver)
                  0000df14    0000007c     CC3000 Spi.lib : spi.obj (.text:SpiReadDataSynchronous)
                  0000df90    00000076     CC3000HostDriver.lib : evnt_handler.obj (.text:hci_event_unsol_flowcontrol_handler)
                  0000e006    00000074     CC3000 Spi.lib : spi.obj (.text:_isr:IntSpiGPIOHandler)
                  0000e07a    00000074     board.obj (.text:toggleLed)
                  0000e0ee    00000074     board.obj (.text:turnLedOff)
                  0000e162    00000074     board.obj (.text:turnLedOn)
                  0000e1d6    00000072     CC3000HostDriver.lib : evnt_handler.obj (.text:set_socket_active_status)
                  0000e248    00000070                          : socket.obj (.text:closesocket)
                  0000e2b8    0000006c     snet.obj (.text:receive_msg_from_Mgr)
                  0000e324    00000066     CC3000HostDriver.lib : cc3000_common.obj (.text:UINT32_TO_STREAM_f)
                  0000e38a    00000060                          : socket.obj (.text:sendto)
                  0000e3ea    0000005e                          : wlan.obj (.text:wlan_init)
                  0000e448    0000005a                          : socket.obj (.text:recvfrom)
                  0000e4a2    00000056                          : evnt_handler.obj (.text:get_socket_active_status)
                  0000e4f8    00000056                          : hci.obj (.text:hci_command_send)
                  0000e54e    00000052     snet.obj (.text:setsockopt_rcv_timeout)
                  0000e5a0    00000050     CC3000HostDriver.lib : wlan.obj (.text:SimpleLink_Init_Start)
                  0000e5f0    00000050     CC3000 Spi.lib : spi.obj (.text:SpiFirstWrite)
                  0000e640    0000004e     CC3000HostDriver.lib : socket.obj (.text:HostFlowControlConsumeBuff)
                  0000e68e    0000004e                          : cc3000_common.obj (.text:STREAM_TO_UINT32_f)
                  0000e6dc    0000004a                          : evnt_handler.obj (.text:update_socket_active_status)
                  0000e726    00000046     CC3000 Spi.lib : spi.obj (.text:SpiWriteDataSynchronous)
                  0000e76c    00000046     rts430x.lib : autoinit.obj (.text:_auto_init)
                  0000e7b2    00000046     CC3000HostDriver.lib : evnt_handler.obj (.text:hci_unsolicited_event_handler)
                  0000e7f8    0000003e     rts430x.lib : lsl32.obj (.text:l_lsl_const)
                  0000e836    0000003e                 : lsr32.obj (.text:l_lsr_const)
                  0000e874    0000003c     boot.obj (.text:bootMain)
                  0000e8b0    0000003a     CC3000 Spi.lib : spi.obj (.text:SpiOpen)
                  0000e8ea    00000036     features.obj (.text:doAction_pds)
                  0000e920    00000034     appmain.obj (.text:Execute_Mgr_Cmd)
                  0000e954    00000034     CC3000 Spi.lib : spi.obj (.text:init_spi)
                  0000e988    00000034     snet.obj (.text:test_send_data_to)
                  0000e9bc    00000032     CC3000HostDriver.lib : cc3000_common.obj (.text:UINT16_TO_STREAM_f)
                  0000e9ee    00000032     board.obj (.text:gpio_init)
                  0000ea20    00000030     board.obj (.text:configurePins_4_Wlan)
                  0000ea50    0000002a     CC3000 Spi.lib : spi.obj (.text:SpiTriggerRxProcessing)
                  0000ea7a    0000002a     rts430x.lib : boot.obj (.text:_isr:_c_int00_noexit)
                  0000eaa4    00000026     CC3000HostDriver.lib : cc3000_common.obj (.text:STREAM_TO_UINT16_f)
                  0000eaca    00000024     features.obj (.text:doAction_duke)
                  0000eaee    00000022     msp430_main.obj (.text:main)
                  0000eb10    0000001e     CC3000HostDriver.lib : evnt_handler.obj (.text:SimpleLinkWaitData)
                  0000eb2e    0000001c                          : evnt_handler.obj (.text:SimpleLinkWaitEvent)
                  0000eb4a    0000001c     snet.obj (.text:wait_for_connection)
                  0000eb66    0000001a     board.obj (.text:WriteWlanPin)
                  0000eb80    0000001a     board.obj (.text:initLEDs)
                  0000eb9a    0000001a     snet.obj (.text:open_rxPort_Mgr)
                  0000ebb4    0000001a     snet.obj (.text:open_txPort_Mgr)
                  0000ebce    00000018     msp430_main.obj (.text:initClk)
                  0000ebe6    00000016     CC3000HostDriver.lib : wlan.obj (.text:SpiReceiveHandler)
                  0000ebfc    00000016     rts430x.lib : div16u.obj (.text)
                  0000ec12    00000016                 : mult16_f5hw.obj (.text)
                  0000ec28    00000014                 : memset.obj (.text:memset)
                  0000ec3c    00000012     CC3000 Spi.lib : spi.obj (.text:SSIContReadOperation)
                  0000ec4e    00000012     rts430x.lib : memcpy.obj (.text:memcpy)
                  0000ec60    00000012     cc3000.obj (.text:sendBootLoaderPatch)
                  0000ec72    00000012     cc3000.obj (.text:sendDriverPatch)
                  0000ec84    00000012     cc3000.obj (.text:sendWLFWPatch)
                  0000ec96    00000010     rts430x.lib : lsl32.obj (.text:l_lsl)
                  0000eca6    0000000e     CC3000 Spi.lib : spi.obj (.text:SpiReadHeader)
                  0000ecb4    0000000c     board.obj (.text:WlanInterruptEnable)
                  0000ecc0    0000000c     features.obj (.text:doAction_SystemInfo)
                  0000eccc    0000000c     features.obj (.text:doAction_appsAlerts)
                  0000ecd8    0000000c     features.obj (.text:doAction_fwReboot)
                  0000ece4    0000000c     features.obj (.text:doAction_fwUpdate)
                  0000ecf0    0000000c     features.obj (.text:doAction_playtones)
                  0000ecfc    0000000c     board.obj (.text:fatal)
                  0000ed08    0000000a     CC3000 Spi.lib : spi.obj (.text:RXBufferIsEmpty)
                  0000ed12    0000000a     board.obj (.text:ReadWlanInterruptPin)
                  0000ed1c    0000000a     CC3000 Spi.lib : spi.obj (.text:TXBufferIsEmpty)
                  0000ed26    0000000a     rts430x.lib : lsl16.obj (.text)
                  0000ed30    00000006     CC3000 Spi.lib : spi.obj (.text:SpiPauseSpi)
                  0000ed36    00000006                    : spi.obj (.text:SpiResumeSpi)
                  0000ed3c    00000006     board.obj (.text:WlanInterruptDisable)
                  0000ed42    00000006     board.obj (.text:_isr:Trap_ISR)
                  0000ed48    00000004     board.obj (.text:_isr:TIMER1_A0_ISR)
                  0000ed4c    00000004     rts430x.lib : pre_init.obj (.text:_system_pre_init)
                  0000ed50    00000004                 : exit.obj (.text:abort)
                  0000ed54    00000004     features.obj (.text:doAction_nullsupport)
                  0000ed58    00000002     rts430x.lib : _lock.obj (.text:_nop)
                  0000ed5a    00000002     board.obj (.text:misc_init_r)
                  0000ed5c    00000002     board.obj (.text:misc_init_s)

.int39     0    0000ffce    00000002     
                  0000ffce    00000002     board.obj (.int39)

.int42     0    0000ffd4    00000002     
                  0000ffd4    00000002     board.obj (.int42)

.int43     0    0000ffd6    00000002     
                  0000ffd6    00000002     board.obj (.int43)

.int44     0    0000ffd8    00000002     
                  0000ffd8    00000002     CC3000 Spi.lib : spi.obj (.int44)

.int45     0    0000ffda    00000002     
                  0000ffda    00000002     board.obj (.int45)

.int46     0    0000ffdc    00000002     
                  0000ffdc    00000002     board.obj (.int46)

.int47     0    0000ffde    00000002     
                  0000ffde    00000002     board.obj (.int47)

.int48     0    0000ffe0    00000002     
                  0000ffe0    00000002     board.obj (.int48)

.int49     0    0000ffe2    00000002     
                  0000ffe2    00000002     board.obj (.int49)

.int50     0    0000ffe4    00000002     
                  0000ffe4    00000002     board.obj (.int50)

.int51     0    0000ffe6    00000002     
                  0000ffe6    00000002     board.obj (.int51)

.int53     0    0000ffea    00000002     
                  0000ffea    00000002     board.obj (.int53)

.int54     0    0000ffec    00000002     
                  0000ffec    00000002     board.obj (.int54)

.int55     0    0000ffee    00000002     
                  0000ffee    00000002     board.obj (.int55)

.int57     0    0000fff2    00000002     
                  0000fff2    00000002     board.obj (.int57)

.int58     0    0000fff4    00000002     
                  0000fff4    00000002     board.obj (.int58)

.int59     0    0000fff6    00000002     
                  0000fff6    00000002     board.obj (.int59)

.int60     0    0000fff8    00000002     
                  0000fff8    00000002     board.obj (.int60)

.int61     0    0000fffa    00000002     
                  0000fffa    00000002     board.obj (.int61)

.int62     0    0000fffc    00000002     
                  0000fffc    00000002     board.obj (.int62)

.reset     0    0000fffe    00000002     
                  0000fffe    00000002     rts430x.lib : boot.obj (.reset)


GLOBAL SYMBOLS: SORTED ALPHABETICALLY BY Name 

address    name
--------   ----
00001c00   .bss
0000c600   .text
00000700   ADC10CTL0
00000701   ADC10CTL0_H
00000700   ADC10CTL0_L
00000702   ADC10CTL1
00000703   ADC10CTL1_H
00000702   ADC10CTL1_L
00000704   ADC10CTL2
00000705   ADC10CTL2_H
00000704   ADC10CTL2_L
00000708   ADC10HI
00000709   ADC10HI_H
00000708   ADC10HI_L
0000071a   ADC10IE
0000071b   ADC10IE_H
0000071a   ADC10IE_L
0000071c   ADC10IFG
0000071d   ADC10IFG_H
0000071c   ADC10IFG_L
0000071e   ADC10IV
0000071f   ADC10IV_H
0000071e   ADC10IV_L
00000706   ADC10LO
00000707   ADC10LO_H
00000706   ADC10LO_L
0000070a   ADC10MCTL0
0000070b   ADC10MCTL0_H
0000070a   ADC10MCTL0_L
00000712   ADC10MEM0
00000713   ADC10MEM0_H
00000712   ADC10MEM0_L
000004be   BCD2BIN
000004bc   BIN2BCD
0000ed50   C$$EXIT
0000dcf2   CC3000_AsyncEventCallback
000008c0   CDCTL0
000008c1   CDCTL0_H
000008c0   CDCTL0_L
000008c2   CDCTL1
000008c3   CDCTL1_H
000008c2   CDCTL1_L
000008c4   CDCTL2
000008c5   CDCTL2_H
000008c4   CDCTL2_L
000008c6   CDCTL3
000008c7   CDCTL3_H
000008c6   CDCTL3_L
000008cc   CDINT
000008cd   CDINT_H
000008cc   CDINT_L
000008ce   CDIV
000008cf   CDIV_H
000008ce   CDIV_L
00000150   CRCDI
00000152   CRCDIRB
00000153   CRCDIRB_H
00000152   CRCDIRB_L
00000151   CRCDI_H
00000150   CRCDI_L
00000154   CRCINIRES
00000155   CRCINIRES_H
00000154   CRCINIRES_L
00000156   CRCRESR
00000157   CRCRESR_H
00000156   CRCRESR_L
00000160   CSCTL0
00000161   CSCTL0_H
00000160   CSCTL0_L
00000162   CSCTL1
00000163   CSCTL1_H
00000162   CSCTL1_L
00000164   CSCTL2
00000165   CSCTL2_H
00000164   CSCTL2_L
00000166   CSCTL3
00000167   CSCTL3_H
00000166   CSCTL3_L
00000168   CSCTL4
00000169   CSCTL4_H
00000168   CSCTL4_L
0000016a   CSCTL5
0000016b   CSCTL5_H
0000016a   CSCTL5_L
0000016c   CSCTL6
0000016d   CSCTL6_H
0000016c   CSCTL6_L
00000510   DMA0CTL
00000511   DMA0CTL_H
00000510   DMA0CTL_L
00000516   DMA0DA
00000516   DMA0DAL
00000512   DMA0SA
00000512   DMA0SAL
0000051a   DMA0SZ
00000520   DMA1CTL
00000521   DMA1CTL_H
00000520   DMA1CTL_L
00000526   DMA1DA
00000526   DMA1DAL
00000522   DMA1SA
00000522   DMA1SAL
0000052a   DMA1SZ
00000530   DMA2CTL
00000531   DMA2CTL_H
00000530   DMA2CTL_L
00000536   DMA2DA
00000536   DMA2DAL
00000532   DMA2SA
00000532   DMA2SAL
0000053a   DMA2SZ
00000500   DMACTL0
00000501   DMACTL0_H
00000500   DMACTL0_L
00000502   DMACTL1
00000503   DMACTL1_H
00000502   DMACTL1_L
00000504   DMACTL2
00000505   DMACTL2_H
00000504   DMACTL2_L
00000506   DMACTL3
00000507   DMACTL3_H
00000506   DMACTL3_L
00000508   DMACTL4
00000509   DMACTL4_H
00000508   DMACTL4_L
0000050e   DMAIV
0000050f   DMAIV_H
0000050e   DMAIV_L
0000e920   Execute_Mgr_Cmd
00000140   FRCTL0
00000141   FRCTL0_H
00000140   FRCTL0_L
00000144   GCCTL0
00000145   GCCTL0_H
00000144   GCCTL0_L
00000146   GCCTL1
00000147   GCCTL1_H
00000146   GCCTL1_L
0000e640   HostFlowControlConsumeBuff
0000ed26   I_LSL
0000e006   IntSpiGPIOHandler
0000ec96   L_LSL
0000e830   L_LSL_1
0000e80c   L_LSL_10
0000e808   L_LSL_11
0000e804   L_LSL_12
0000e800   L_LSL_13
0000e7fc   L_LSL_14
0000e7f8   L_LSL_15
0000e82c   L_LSL_2
0000e828   L_LSL_3
0000e824   L_LSL_4
0000e820   L_LSL_5
0000e81c   L_LSL_6
0000e818   L_LSL_7
0000e814   L_LSL_8
0000e810   L_LSL_9
0000e86e   L_LSR_1
0000e84a   L_LSR_10
0000e846   L_LSR_11
0000e842   L_LSR_12
0000e83e   L_LSR_13
0000e83a   L_LSR_14
0000e836   L_LSR_15
0000e86a   L_LSR_2
0000e866   L_LSR_3
0000e862   L_LSR_4
0000e85e   L_LSR_5
0000e85a   L_LSR_6
0000e856   L_LSR_7
0000e852   L_LSR_8
0000e84e   L_LSR_9
000004c4   MAC
000004da   MAC32H
000004db   MAC32H_H
000004da   MAC32H_L
000004d8   MAC32L
000004d9   MAC32L_H
000004d8   MAC32L_L
000004c6   MACS
000004de   MACS32H
000004df   MACS32H_H
000004de   MACS32H_L
000004dc   MACS32L
000004dd   MACS32L_H
000004dc   MACS32L_L
000004c7   MACS_H
000004c6   MACS_L
000004c5   MAC_H
000004c4   MAC_L
000005a0   MPUCTL0
000005a1   MPUCTL0_H
000005a0   MPUCTL0_L
000005a2   MPUCTL1
000005a3   MPUCTL1_H
000005a2   MPUCTL1_L
000005a6   MPUSAM
000005a7   MPUSAM_H
000005a6   MPUSAM_L
000005a4   MPUSEG
000005a5   MPUSEG_H
000005a4   MPUSEG_L
000004c0   MPY
000004ec   MPY32CTL0
000004ed   MPY32CTL0_H
000004ec   MPY32CTL0_L
000004d2   MPY32H
000004d3   MPY32H_H
000004d2   MPY32H_L
000004d0   MPY32L
000004d1   MPY32L_H
000004d0   MPY32L_L
000004c2   MPYS
000004d6   MPYS32H
000004d7   MPYS32H_H
000004d6   MPYS32H_L
000004d4   MPYS32L
000004d5   MPYS32L_H
000004d4   MPYS32L_L
000004c3   MPYS_H
000004c2   MPYS_L
000004c1   MPY_H
000004c0   MPY_L
000004c8   OP2
000004e2   OP2H
000004e3   OP2H_H
000004e2   OP2H_L
000004e0   OP2L
000004e1   OP2L_H
000004e0   OP2L_L
000004c9   OP2_H
000004c8   OP2_L
0000d226   OpenUdpPort_Mgr
0000020e   P1IV
0000021e   P2IV
0000022e   P3IV
0000023e   P4IV
00000204   PADIR
00000205   PADIR_H
00000204   PADIR_L
0000021a   PAIE
00000218   PAIES
00000219   PAIES_H
00000218   PAIES_L
0000021b   PAIE_H
0000021a   PAIE_L
0000021c   PAIFG
0000021d   PAIFG_H
0000021c   PAIFG_L
00000200   PAIN
00000201   PAIN_H
00000200   PAIN_L
00000202   PAOUT
00000203   PAOUT_H
00000202   PAOUT_L
00000206   PAREN
00000207   PAREN_H
00000206   PAREN_L
0000020a   PASEL0
0000020b   PASEL0_H
0000020a   PASEL0_L
0000020c   PASEL1
0000020d   PASEL1_H
0000020c   PASEL1_L
00000210   PASELC
00000211   PASELC_H
00000210   PASELC_L
00000224   PBDIR
00000225   PBDIR_H
00000224   PBDIR_L
0000023a   PBIE
00000238   PBIES
00000239   PBIES_H
00000238   PBIES_L
0000023b   PBIE_H
0000023a   PBIE_L
0000023c   PBIFG
0000023d   PBIFG_H
0000023c   PBIFG_L
00000220   PBIN
00000221   PBIN_H
00000220   PBIN_L
00000222   PBOUT
00000223   PBOUT_H
00000222   PBOUT_L
00000226   PBREN
00000227   PBREN_H
00000226   PBREN_L
0000022a   PBSEL0
0000022b   PBSEL0_H
0000022a   PBSEL0_L
0000022c   PBSEL1
0000022d   PBSEL1_H
0000022c   PBSEL1_L
00000230   PBSELC
00000231   PBSELC_H
00000230   PBSELC_L
00000324   PJDIR
00000325   PJDIR_H
00000324   PJDIR_L
00000320   PJIN
00000321   PJIN_H
00000320   PJIN_L
00000322   PJOUT
00000323   PJOUT_H
00000322   PJOUT_L
00000326   PJREN
00000327   PJREN_H
00000326   PJREN_L
0000032a   PJSEL0
0000032b   PJSEL0_H
0000032a   PJSEL0_L
0000032c   PJSEL1
0000032d   PJSEL1_H
0000032c   PJSEL1_L
00000330   PJSELC
00000331   PJSELC_H
00000330   PJSELC_L
00000130   PM5CTL0
00000131   PM5CTL0_H
00000130   PM5CTL0_L
00000120   PMMCTL0
00000121   PMMCTL0_H
00000120   PMMCTL0_L
0000012a   PMMIFG
0000012b   PMMIFG_H
0000012a   PMMIFG_L
000001b0   REFCTL0
000001b1   REFCTL0_H
000001b0   REFCTL0_L
000004e4   RES0
000004e5   RES0_H
000004e4   RES0_L
000004e6   RES1
000004e7   RES1_H
000004e6   RES1_L
000004e8   RES2
000004e9   RES2_H
000004e8   RES2_L
000004ea   RES3
000004eb   RES3_H
000004ea   RES3_L
000004cc   RESHI
000004cd   RESHI_H
000004cc   RESHI_L
000004ca   RESLO
000004cb   RESLO_H
000004ca   RESLO_L
000004ba   RTCADOWDAY
000004bb   RTCADOWDAY_H
000004ba   RTCADOWDAY_L
000004b8   RTCAMINHR
000004b9   RTCAMINHR_H
000004b8   RTCAMINHR_L
000004a0   RTCCTL01
000004a1   RTCCTL01_H
000004a0   RTCCTL01_L
000004a2   RTCCTL23
000004a3   RTCCTL23_H
000004a2   RTCCTL23_L
000004b4   RTCDATE
000004b5   RTCDATE_H
000004b4   RTCDATE_L
000004ae   RTCIV
000004ac   RTCPS
000004a8   RTCPS0CTL
000004a9   RTCPS0CTL_H
000004a8   RTCPS0CTL_L
000004aa   RTCPS1CTL
000004ab   RTCPS1CTL_H
000004aa   RTCPS1CTL_L
000004ad   RTCPS_H
000004ac   RTCPS_L
000004b0   RTCTIM0
000004b1   RTCTIM0_H
000004b0   RTCTIM0_L
000004b2   RTCTIM1
000004b3   RTCTIM1_H
000004b2   RTCTIM1_L
000004b6   RTCYEAR
000004b7   RTCYEAR_H
000004b6   RTCYEAR_L
0000ed08   RXBufferIsEmpty
0000ed12   ReadWlanInterruptPin
00000100   SFRIE1
00000101   SFRIE1_H
00000100   SFRIE1_L
00000102   SFRIFG1
00000103   SFRIFG1_H
00000102   SFRIFG1_L
00000104   SFRRPCR
00000105   SFRRPCR_H
00000104   SFRRPCR_L
0000ec3c   SSIContReadOperation
0000eaa4   STREAM_TO_UINT16_f
0000e68e   STREAM_TO_UINT32_f
000004ce   SUMEXT
000004cf   SUMEXT_H
000004ce   SUMEXT_L
00000198   SYSBERRIV
00000199   SYSBERRIV_H
00000198   SYSBERRIV_L
00000182   SYSBSLC
00000183   SYSBSLC_H
00000182   SYSBSLC_L
00000180   SYSCTL
00000181   SYSCTL_H
00000180   SYSCTL_L
00000186   SYSJMBC
00000187   SYSJMBC_H
00000186   SYSJMBC_L
00000188   SYSJMBI0
00000189   SYSJMBI0_H
00000188   SYSJMBI0_L
0000018a   SYSJMBI1
0000018b   SYSJMBI1_H
0000018a   SYSJMBI1_L
0000018c   SYSJMBO0
0000018d   SYSJMBO0_H
0000018c   SYSJMBO0_L
0000018e   SYSJMBO1
0000018f   SYSJMBO1_H
0000018e   SYSJMBO1_L
0000019e   SYSRSTIV
0000019f   SYSRSTIV_H
0000019e   SYSRSTIV_L
0000019c   SYSSNIV
0000019d   SYSSNIV_H
0000019c   SYSSNIV_L
0000019a   SYSUNIV
0000019b   SYSUNIV_H
0000019a   SYSUNIV_L
0000eb10   SimpleLinkWaitData
0000eb2e   SimpleLinkWaitEvent
0000e5f0   SpiFirstWrite
0000e8b0   SpiOpen
0000ed30   SpiPauseSpi
0000d8ee   SpiReadDataCont
0000df14   SpiReadDataSynchronous
0000eca6   SpiReadHeader
0000ebe6   SpiReceiveHandler
0000ed36   SpiResumeSpi
0000ea50   SpiTriggerRxProcessing
0000d45a   SpiWrite
0000e726   SpiWriteDataSynchronous
00000352   TA0CCR0
00000354   TA0CCR1
00000356   TA0CCR2
00000342   TA0CCTL0
00000344   TA0CCTL1
00000346   TA0CCTL2
00000340   TA0CTL
00000360   TA0EX0
0000036e   TA0IV
00000350   TA0R
00000392   TA1CCR0
00000394   TA1CCR1
00000396   TA1CCR2
00000382   TA1CCTL0
00000384   TA1CCTL1
00000386   TA1CCTL2
00000380   TA1CTL
000003a0   TA1EX0
000003ae   TA1IV
00000390   TA1R
000003d2   TB0CCR0
000003d4   TB0CCR1
000003d6   TB0CCR2
000003c2   TB0CCTL0
000003c4   TB0CCTL1
000003c6   TB0CCTL2
000003c0   TB0CTL
000003e0   TB0EX0
000003ee   TB0IV
000003d0   TB0R
00000412   TB1CCR0
00000414   TB1CCR1
00000416   TB1CCR2
00000402   TB1CCTL0
00000404   TB1CCTL1
00000406   TB1CCTL2
00000400   TB1CTL
00000420   TB1EX0
0000042e   TB1IV
00000410   TB1R
00000452   TB2CCR0
00000454   TB2CCR1
00000456   TB2CCR2
00000442   TB2CCTL0
00000444   TB2CCTL1
00000446   TB2CCTL2
00000440   TB2CTL
00000460   TB2EX0
0000046e   TB2IV
00000450   TB2R
0000ed48   TIMER1_A0_ISR
0000ed1c   TXBufferIsEmpty
0000ed42   Trap_ISR
000005d0   UCA0ABCTL
000005c6   UCA0BRW
000005c7   UCA0BRW_H
000005c6   UCA0BRW_L
000005c0   UCA0CTLW0
000005c1   UCA0CTLW0_H
000005c0   UCA0CTLW0_L
000005c2   UCA0CTLW1
000005c3   UCA0CTLW1_H
000005c2   UCA0CTLW1_L
000005da   UCA0IE
000005db   UCA0IE_H
000005da   UCA0IE_L
000005dc   UCA0IFG
000005dd   UCA0IFG_H
000005dc   UCA0IFG_L
000005d2   UCA0IRCTL
000005d3   UCA0IRCTL_H
000005d2   UCA0IRCTL_L
000005de   UCA0IV
000005c8   UCA0MCTLW
000005c9   UCA0MCTLW_H
000005c8   UCA0MCTLW_L
000005cc   UCA0RXBUF
000005cd   UCA0RXBUF_H
000005cc   UCA0RXBUF_L
000005ca   UCA0STATW
000005ce   UCA0TXBUF
000005cf   UCA0TXBUF_H
000005ce   UCA0TXBUF_L
000005f0   UCA1ABCTL
000005e6   UCA1BRW
000005e7   UCA1BRW_H
000005e6   UCA1BRW_L
000005e0   UCA1CTLW0
000005e1   UCA1CTLW0_H
000005e0   UCA1CTLW0_L
000005e2   UCA1CTLW1
000005e3   UCA1CTLW1_H
000005e2   UCA1CTLW1_L
000005fa   UCA1IE
000005fb   UCA1IE_H
000005fa   UCA1IE_L
000005fc   UCA1IFG
000005fd   UCA1IFG_H
000005fc   UCA1IFG_L
000005f2   UCA1IRCTL
000005f3   UCA1IRCTL_H
000005f2   UCA1IRCTL_L
000005fe   UCA1IV
000005e8   UCA1MCTLW
000005e9   UCA1MCTLW_H
000005e8   UCA1MCTLW_L
000005ec   UCA1RXBUF
000005ed   UCA1RXBUF_H
000005ec   UCA1RXBUF_L
000005ea   UCA1STATW
000005ee   UCA1TXBUF
000005ef   UCA1TXBUF_H
000005ee   UCA1TXBUF_L
0000065e   UCB0ADDMASK
0000065f   UCB0ADDMASK_H
0000065e   UCB0ADDMASK_L
0000065c   UCB0ADDRX
0000065d   UCB0ADDRX_H
0000065c   UCB0ADDRX_L
00000646   UCB0BRW
00000647   UCB0BRW_H
00000646   UCB0BRW_L
00000640   UCB0CTLW0
00000641   UCB0CTLW0_H
00000640   UCB0CTLW0_L
00000642   UCB0CTLW1
00000643   UCB0CTLW1_H
00000642   UCB0CTLW1_L
00000654   UCB0I2COA0
00000655   UCB0I2COA0_H
00000654   UCB0I2COA0_L
00000656   UCB0I2COA1
00000657   UCB0I2COA1_H
00000656   UCB0I2COA1_L
00000658   UCB0I2COA2
00000659   UCB0I2COA2_H
00000658   UCB0I2COA2_L
0000065a   UCB0I2COA3
0000065b   UCB0I2COA3_H
0000065a   UCB0I2COA3_L
00000660   UCB0I2CSA
00000661   UCB0I2CSA_H
00000660   UCB0I2CSA_L
0000066a   UCB0IE
0000066b   UCB0IE_H
0000066a   UCB0IE_L
0000066c   UCB0IFG
0000066d   UCB0IFG_H
0000066c   UCB0IFG_L
0000066e   UCB0IV
0000064c   UCB0RXBUF
0000064d   UCB0RXBUF_H
0000064c   UCB0RXBUF_L
00000648   UCB0STATW
00000649   UCB0STATW_H
00000648   UCB0STATW_L
0000064a   UCB0TBCNT
0000064b   UCB0TBCNT_H
0000064a   UCB0TBCNT_L
0000064e   UCB0TXBUF
0000064f   UCB0TXBUF_H
0000064e   UCB0TXBUF_L
0000e9bc   UINT16_TO_STREAM_f
0000e324   UINT32_TO_STREAM_f
0000015c   WDTCTL
0000015d   WDTCTL_H
0000015c   WDTCTL_L
0000ed3c   WlanInterruptDisable
0000ecb4   WlanInterruptEnable
0000eb66   WriteWlanPin
00001de0   _Errno
00001ffe   __STACK_END
00000096   __STACK_SIZE
00000001   __TI_args_main
00000001   __TI_auto_init
00000001   __TI_exit
ffffffff   __binit__
00001c00   __bss__
ffffffff   __c_args__
0000c400   __cinit__
0000ebfc   __divu
00001de3   __end__
0000ed5e   __etext__
0000ec12   __mpyi_f5hw
ffffffff   __pinit__
0000ebfc   __remu
0000c600   __text__
0000e76c   _auto_init
0000ea7a   _c_int00
0000ea7a   _c_int00_noexit
00001dd2   _cleanup_ptr
00001dd6   _dtors_ptr
00001dca   _lock
0000ed58   _nop
0000fffe   _reset_vector
00001f68   _stack
0000ed4c   _system_pre_init
00001dce   _unlock
0000ed50   abort
0000d63e   appMain
0000d812   bind
ffffffff   binit
0000e874   bootMain
0000c400   cinit
0000e248   closesocket
0000ea20   configurePins_4_Wlan
0000ecc0   doAction_SystemInfo
0000eccc   doAction_appsAlerts
0000eaca   doAction_duke
0000ecd8   doAction_fwReboot
0000ece4   doAction_fwUpdate
0000ed54   doAction_nullsupport
0000e8ea   doAction_pds
0000ecf0   doAction_playtones
00001de3   end
0000ed5e   etext
00001c00   expandedKey
0000ecfc   fatal
0000dd82   feature_Interpreter
0000c400   fram_ro_start
0000c400   fram_rw_start
0000c600   fram_rx_start
0000e4a2   get_socket_active_status
0000e9ee   gpio_init
00001dba   gsm
00001d90   hSocket_RX
00001d8c   hSocket_TX
0000e4f8   hci_command_send
0000de0e   hci_data_send
0000c600   hci_event_handler
0000d0c4   hci_patch_send
0000cb7c   hci_unsol_event_handler
0000d72a   hci_unsol_handle_patch_request
0000e7b2   hci_unsolicited_event_handler
0000ebce   initClk
0000eb80   initLEDs
0000e954   init_spi
0000de96   init_wifiDriver
00001cee   key
0000eaee   main
0000ec4e   memcpy
0000ec28   memset
00001d94   mgr_addr
00001d42   mgr_ip
0000ed5a   misc_init_r
0000ed5c   misc_init_s
0000eb9a   open_rxPort_Mgr
0000ebb4   open_txPort_Mgr
ffffffff   pinit
00001cfe   profileArray
0000d348   rcvdata_from
0000e2b8   receive_msg_from_Mgr
0000e448   recvfrom
00001da4   sSpiInformation
0000ec60   sendBootLoaderPatch
0000ec72   sendDriverPatch
0000ec84   sendWLFWPatch
0000d9b0   senddata_to
0000e38a   sendto
0000e1d6   set_socket_active_status
0000d54e   setsockopt
0000e54e   setsockopt_rcv_timeout
0000db18   simple_link_recv
0000ceb8   simple_link_send
0000dc5a   socket
00001dda   socket_active_status
0000c200   spi_buffer
00001cb0   tSLInformation
00001db4   tSpiReadHeader
0000e988   test_send_data_to
0000e07a   toggleLed
0000e0ee   turnLedOff
0000e162   turnLedOn
00001dde   uiCC3000Connected
00001ddf   uiCC3000DHCP
0000eb4a   wait_for_connection
00001de2   wifi_SPI_gpio_init_Done
0000e3ea   wlan_init
0000dbbe   wlan_set_event_mask
0000da6c   wlan_start
0000c284   wlan_tx_buffer


GLOBAL SYMBOLS: SORTED BY Symbol Address 

address    name
--------   ----
00000001   __TI_args_main
00000001   __TI_auto_init
00000001   __TI_exit
00000096   __STACK_SIZE
00000100   SFRIE1
00000100   SFRIE1_L
00000101   SFRIE1_H
00000102   SFRIFG1
00000102   SFRIFG1_L
00000103   SFRIFG1_H
00000104   SFRRPCR
00000104   SFRRPCR_L
00000105   SFRRPCR_H
00000120   PMMCTL0
00000120   PMMCTL0_L
00000121   PMMCTL0_H
0000012a   PMMIFG
0000012a   PMMIFG_L
0000012b   PMMIFG_H
00000130   PM5CTL0
00000130   PM5CTL0_L
00000131   PM5CTL0_H
00000140   FRCTL0
00000140   FRCTL0_L
00000141   FRCTL0_H
00000144   GCCTL0
00000144   GCCTL0_L
00000145   GCCTL0_H
00000146   GCCTL1
00000146   GCCTL1_L
00000147   GCCTL1_H
00000150   CRCDI
00000150   CRCDI_L
00000151   CRCDI_H
00000152   CRCDIRB
00000152   CRCDIRB_L
00000153   CRCDIRB_H
00000154   CRCINIRES
00000154   CRCINIRES_L
00000155   CRCINIRES_H
00000156   CRCRESR
00000156   CRCRESR_L
00000157   CRCRESR_H
0000015c   WDTCTL
0000015c   WDTCTL_L
0000015d   WDTCTL_H
00000160   CSCTL0
00000160   CSCTL0_L
00000161   CSCTL0_H
00000162   CSCTL1
00000162   CSCTL1_L
00000163   CSCTL1_H
00000164   CSCTL2
00000164   CSCTL2_L
00000165   CSCTL2_H
00000166   CSCTL3
00000166   CSCTL3_L
00000167   CSCTL3_H
00000168   CSCTL4
00000168   CSCTL4_L
00000169   CSCTL4_H
0000016a   CSCTL5
0000016a   CSCTL5_L
0000016b   CSCTL5_H
0000016c   CSCTL6
0000016c   CSCTL6_L
0000016d   CSCTL6_H
00000180   SYSCTL
00000180   SYSCTL_L
00000181   SYSCTL_H
00000182   SYSBSLC
00000182   SYSBSLC_L
00000183   SYSBSLC_H
00000186   SYSJMBC
00000186   SYSJMBC_L
00000187   SYSJMBC_H
00000188   SYSJMBI0
00000188   SYSJMBI0_L
00000189   SYSJMBI0_H
0000018a   SYSJMBI1
0000018a   SYSJMBI1_L
0000018b   SYSJMBI1_H
0000018c   SYSJMBO0
0000018c   SYSJMBO0_L
0000018d   SYSJMBO0_H
0000018e   SYSJMBO1
0000018e   SYSJMBO1_L
0000018f   SYSJMBO1_H
00000198   SYSBERRIV
00000198   SYSBERRIV_L
00000199   SYSBERRIV_H
0000019a   SYSUNIV
0000019a   SYSUNIV_L
0000019b   SYSUNIV_H
0000019c   SYSSNIV
0000019c   SYSSNIV_L
0000019d   SYSSNIV_H
0000019e   SYSRSTIV
0000019e   SYSRSTIV_L
0000019f   SYSRSTIV_H
000001b0   REFCTL0
000001b0   REFCTL0_L
000001b1   REFCTL0_H
00000200   PAIN
00000200   PAIN_L
00000201   PAIN_H
00000202   PAOUT
00000202   PAOUT_L
00000203   PAOUT_H
00000204   PADIR
00000204   PADIR_L
00000205   PADIR_H
00000206   PAREN
00000206   PAREN_L
00000207   PAREN_H
0000020a   PASEL0
0000020a   PASEL0_L
0000020b   PASEL0_H
0000020c   PASEL1
0000020c   PASEL1_L
0000020d   PASEL1_H
0000020e   P1IV
00000210   PASELC
00000210   PASELC_L
00000211   PASELC_H
00000218   PAIES
00000218   PAIES_L
00000219   PAIES_H
0000021a   PAIE
0000021a   PAIE_L
0000021b   PAIE_H
0000021c   PAIFG
0000021c   PAIFG_L
0000021d   PAIFG_H
0000021e   P2IV
00000220   PBIN
00000220   PBIN_L
00000221   PBIN_H
00000222   PBOUT
00000222   PBOUT_L
00000223   PBOUT_H
00000224   PBDIR
00000224   PBDIR_L
00000225   PBDIR_H
00000226   PBREN
00000226   PBREN_L
00000227   PBREN_H
0000022a   PBSEL0
0000022a   PBSEL0_L
0000022b   PBSEL0_H
0000022c   PBSEL1
0000022c   PBSEL1_L
0000022d   PBSEL1_H
0000022e   P3IV
00000230   PBSELC
00000230   PBSELC_L
00000231   PBSELC_H
00000238   PBIES
00000238   PBIES_L
00000239   PBIES_H
0000023a   PBIE
0000023a   PBIE_L
0000023b   PBIE_H
0000023c   PBIFG
0000023c   PBIFG_L
0000023d   PBIFG_H
0000023e   P4IV
00000320   PJIN
00000320   PJIN_L
00000321   PJIN_H
00000322   PJOUT
00000322   PJOUT_L
00000323   PJOUT_H
00000324   PJDIR
00000324   PJDIR_L
00000325   PJDIR_H
00000326   PJREN
00000326   PJREN_L
00000327   PJREN_H
0000032a   PJSEL0
0000032a   PJSEL0_L
0000032b   PJSEL0_H
0000032c   PJSEL1
0000032c   PJSEL1_L
0000032d   PJSEL1_H
00000330   PJSELC
00000330   PJSELC_L
00000331   PJSELC_H
00000340   TA0CTL
00000342   TA0CCTL0
00000344   TA0CCTL1
00000346   TA0CCTL2
00000350   TA0R
00000352   TA0CCR0
00000354   TA0CCR1
00000356   TA0CCR2
00000360   TA0EX0
0000036e   TA0IV
00000380   TA1CTL
00000382   TA1CCTL0
00000384   TA1CCTL1
00000386   TA1CCTL2
00000390   TA1R
00000392   TA1CCR0
00000394   TA1CCR1
00000396   TA1CCR2
000003a0   TA1EX0
000003ae   TA1IV
000003c0   TB0CTL
000003c2   TB0CCTL0
000003c4   TB0CCTL1
000003c6   TB0CCTL2
000003d0   TB0R
000003d2   TB0CCR0
000003d4   TB0CCR1
000003d6   TB0CCR2
000003e0   TB0EX0
000003ee   TB0IV
00000400   TB1CTL
00000402   TB1CCTL0
00000404   TB1CCTL1
00000406   TB1CCTL2
00000410   TB1R
00000412   TB1CCR0
00000414   TB1CCR1
00000416   TB1CCR2
00000420   TB1EX0
0000042e   TB1IV
00000440   TB2CTL
00000442   TB2CCTL0
00000444   TB2CCTL1
00000446   TB2CCTL2
00000450   TB2R
00000452   TB2CCR0
00000454   TB2CCR1
00000456   TB2CCR2
00000460   TB2EX0
0000046e   TB2IV
000004a0   RTCCTL01
000004a0   RTCCTL01_L
000004a1   RTCCTL01_H
000004a2   RTCCTL23
000004a2   RTCCTL23_L
000004a3   RTCCTL23_H
000004a8   RTCPS0CTL
000004a8   RTCPS0CTL_L
000004a9   RTCPS0CTL_H
000004aa   RTCPS1CTL
000004aa   RTCPS1CTL_L
000004ab   RTCPS1CTL_H
000004ac   RTCPS
000004ac   RTCPS_L
000004ad   RTCPS_H
000004ae   RTCIV
000004b0   RTCTIM0
000004b0   RTCTIM0_L
000004b1   RTCTIM0_H
000004b2   RTCTIM1
000004b2   RTCTIM1_L
000004b3   RTCTIM1_H
000004b4   RTCDATE
000004b4   RTCDATE_L
000004b5   RTCDATE_H
000004b6   RTCYEAR
000004b6   RTCYEAR_L
000004b7   RTCYEAR_H
000004b8   RTCAMINHR
000004b8   RTCAMINHR_L
000004b9   RTCAMINHR_H
000004ba   RTCADOWDAY
000004ba   RTCADOWDAY_L
000004bb   RTCADOWDAY_H
000004bc   BIN2BCD
000004be   BCD2BIN
000004c0   MPY
000004c0   MPY_L
000004c1   MPY_H
000004c2   MPYS
000004c2   MPYS_L
000004c3   MPYS_H
000004c4   MAC
000004c4   MAC_L
000004c5   MAC_H
000004c6   MACS
000004c6   MACS_L
000004c7   MACS_H
000004c8   OP2
000004c8   OP2_L
000004c9   OP2_H
000004ca   RESLO
000004ca   RESLO_L
000004cb   RESLO_H
000004cc   RESHI
000004cc   RESHI_L
000004cd   RESHI_H
000004ce   SUMEXT
000004ce   SUMEXT_L
000004cf   SUMEXT_H
000004d0   MPY32L
000004d0   MPY32L_L
000004d1   MPY32L_H
000004d2   MPY32H
000004d2   MPY32H_L
000004d3   MPY32H_H
000004d4   MPYS32L
000004d4   MPYS32L_L
000004d5   MPYS32L_H
000004d6   MPYS32H
000004d6   MPYS32H_L
000004d7   MPYS32H_H
000004d8   MAC32L
000004d8   MAC32L_L
000004d9   MAC32L_H
000004da   MAC32H
000004da   MAC32H_L
000004db   MAC32H_H
000004dc   MACS32L
000004dc   MACS32L_L
000004dd   MACS32L_H
000004de   MACS32H
000004de   MACS32H_L
000004df   MACS32H_H
000004e0   OP2L
000004e0   OP2L_L
000004e1   OP2L_H
000004e2   OP2H
000004e2   OP2H_L
000004e3   OP2H_H
000004e4   RES0
000004e4   RES0_L
000004e5   RES0_H
000004e6   RES1
000004e6   RES1_L
000004e7   RES1_H
000004e8   RES2
000004e8   RES2_L
000004e9   RES2_H
000004ea   RES3
000004ea   RES3_L
000004eb   RES3_H
000004ec   MPY32CTL0
000004ec   MPY32CTL0_L
000004ed   MPY32CTL0_H
00000500   DMACTL0
00000500   DMACTL0_L
00000501   DMACTL0_H
00000502   DMACTL1
00000502   DMACTL1_L
00000503   DMACTL1_H
00000504   DMACTL2
00000504   DMACTL2_L
00000505   DMACTL2_H
00000506   DMACTL3
00000506   DMACTL3_L
00000507   DMACTL3_H
00000508   DMACTL4
00000508   DMACTL4_L
00000509   DMACTL4_H
0000050e   DMAIV
0000050e   DMAIV_L
0000050f   DMAIV_H
00000510   DMA0CTL
00000510   DMA0CTL_L
00000511   DMA0CTL_H
00000512   DMA0SA
00000512   DMA0SAL
00000516   DMA0DA
00000516   DMA0DAL
0000051a   DMA0SZ
00000520   DMA1CTL
00000520   DMA1CTL_L
00000521   DMA1CTL_H
00000522   DMA1SA
00000522   DMA1SAL
00000526   DMA1DA
00000526   DMA1DAL
0000052a   DMA1SZ
00000530   DMA2CTL
00000530   DMA2CTL_L
00000531   DMA2CTL_H
00000532   DMA2SA
00000532   DMA2SAL
00000536   DMA2DA
00000536   DMA2DAL
0000053a   DMA2SZ
000005a0   MPUCTL0
000005a0   MPUCTL0_L
000005a1   MPUCTL0_H
000005a2   MPUCTL1
000005a2   MPUCTL1_L
000005a3   MPUCTL1_H
000005a4   MPUSEG
000005a4   MPUSEG_L
000005a5   MPUSEG_H
000005a6   MPUSAM
000005a6   MPUSAM_L
000005a7   MPUSAM_H
000005c0   UCA0CTLW0
000005c0   UCA0CTLW0_L
000005c1   UCA0CTLW0_H
000005c2   UCA0CTLW1
000005c2   UCA0CTLW1_L
000005c3   UCA0CTLW1_H
000005c6   UCA0BRW
000005c6   UCA0BRW_L
000005c7   UCA0BRW_H
000005c8   UCA0MCTLW
000005c8   UCA0MCTLW_L
000005c9   UCA0MCTLW_H
000005ca   UCA0STATW
000005cc   UCA0RXBUF
000005cc   UCA0RXBUF_L
000005cd   UCA0RXBUF_H
000005ce   UCA0TXBUF
000005ce   UCA0TXBUF_L
000005cf   UCA0TXBUF_H
000005d0   UCA0ABCTL
000005d2   UCA0IRCTL
000005d2   UCA0IRCTL_L
000005d3   UCA0IRCTL_H
000005da   UCA0IE
000005da   UCA0IE_L
000005db   UCA0IE_H
000005dc   UCA0IFG
000005dc   UCA0IFG_L
000005dd   UCA0IFG_H
000005de   UCA0IV
000005e0   UCA1CTLW0
000005e0   UCA1CTLW0_L
000005e1   UCA1CTLW0_H
000005e2   UCA1CTLW1
000005e2   UCA1CTLW1_L
000005e3   UCA1CTLW1_H
000005e6   UCA1BRW
000005e6   UCA1BRW_L
000005e7   UCA1BRW_H
000005e8   UCA1MCTLW
000005e8   UCA1MCTLW_L
000005e9   UCA1MCTLW_H
000005ea   UCA1STATW
000005ec   UCA1RXBUF
000005ec   UCA1RXBUF_L
000005ed   UCA1RXBUF_H
000005ee   UCA1TXBUF
000005ee   UCA1TXBUF_L
000005ef   UCA1TXBUF_H
000005f0   UCA1ABCTL
000005f2   UCA1IRCTL
000005f2   UCA1IRCTL_L
000005f3   UCA1IRCTL_H
000005fa   UCA1IE
000005fa   UCA1IE_L
000005fb   UCA1IE_H
000005fc   UCA1IFG
000005fc   UCA1IFG_L
000005fd   UCA1IFG_H
000005fe   UCA1IV
00000640   UCB0CTLW0
00000640   UCB0CTLW0_L
00000641   UCB0CTLW0_H
00000642   UCB0CTLW1
00000642   UCB0CTLW1_L
00000643   UCB0CTLW1_H
00000646   UCB0BRW
00000646   UCB0BRW_L
00000647   UCB0BRW_H
00000648   UCB0STATW
00000648   UCB0STATW_L
00000649   UCB0STATW_H
0000064a   UCB0TBCNT
0000064a   UCB0TBCNT_L
0000064b   UCB0TBCNT_H
0000064c   UCB0RXBUF
0000064c   UCB0RXBUF_L
0000064d   UCB0RXBUF_H
0000064e   UCB0TXBUF
0000064e   UCB0TXBUF_L
0000064f   UCB0TXBUF_H
00000654   UCB0I2COA0
00000654   UCB0I2COA0_L
00000655   UCB0I2COA0_H
00000656   UCB0I2COA1
00000656   UCB0I2COA1_L
00000657   UCB0I2COA1_H
00000658   UCB0I2COA2
00000658   UCB0I2COA2_L
00000659   UCB0I2COA2_H
0000065a   UCB0I2COA3
0000065a   UCB0I2COA3_L
0000065b   UCB0I2COA3_H
0000065c   UCB0ADDRX
0000065c   UCB0ADDRX_L
0000065d   UCB0ADDRX_H
0000065e   UCB0ADDMASK
0000065e   UCB0ADDMASK_L
0000065f   UCB0ADDMASK_H
00000660   UCB0I2CSA
00000660   UCB0I2CSA_L
00000661   UCB0I2CSA_H
0000066a   UCB0IE
0000066a   UCB0IE_L
0000066b   UCB0IE_H
0000066c   UCB0IFG
0000066c   UCB0IFG_L
0000066d   UCB0IFG_H
0000066e   UCB0IV
00000700   ADC10CTL0
00000700   ADC10CTL0_L
00000701   ADC10CTL0_H
00000702   ADC10CTL1
00000702   ADC10CTL1_L
00000703   ADC10CTL1_H
00000704   ADC10CTL2
00000704   ADC10CTL2_L
00000705   ADC10CTL2_H
00000706   ADC10LO
00000706   ADC10LO_L
00000707   ADC10LO_H
00000708   ADC10HI
00000708   ADC10HI_L
00000709   ADC10HI_H
0000070a   ADC10MCTL0
0000070a   ADC10MCTL0_L
0000070b   ADC10MCTL0_H
00000712   ADC10MEM0
00000712   ADC10MEM0_L
00000713   ADC10MEM0_H
0000071a   ADC10IE
0000071a   ADC10IE_L
0000071b   ADC10IE_H
0000071c   ADC10IFG
0000071c   ADC10IFG_L
0000071d   ADC10IFG_H
0000071e   ADC10IV
0000071e   ADC10IV_L
0000071f   ADC10IV_H
000008c0   CDCTL0
000008c0   CDCTL0_L
000008c1   CDCTL0_H
000008c2   CDCTL1
000008c2   CDCTL1_L
000008c3   CDCTL1_H
000008c4   CDCTL2
000008c4   CDCTL2_L
000008c5   CDCTL2_H
000008c6   CDCTL3
000008c6   CDCTL3_L
000008c7   CDCTL3_H
000008cc   CDINT
000008cc   CDINT_L
000008cd   CDINT_H
000008ce   CDIV
000008ce   CDIV_L
000008cf   CDIV_H
00001c00   .bss
00001c00   __bss__
00001c00   expandedKey
00001cb0   tSLInformation
00001cee   key
00001cfe   profileArray
00001d42   mgr_ip
00001d8c   hSocket_TX
00001d90   hSocket_RX
00001d94   mgr_addr
00001da4   sSpiInformation
00001db4   tSpiReadHeader
00001dba   gsm
00001dca   _lock
00001dce   _unlock
00001dd2   _cleanup_ptr
00001dd6   _dtors_ptr
00001dda   socket_active_status
00001dde   uiCC3000Connected
00001ddf   uiCC3000DHCP
00001de0   _Errno
00001de2   wifi_SPI_gpio_init_Done
00001de3   __end__
00001de3   end
00001f68   _stack
00001ffe   __STACK_END
0000c200   spi_buffer
0000c284   wlan_tx_buffer
0000c400   __cinit__
0000c400   cinit
0000c400   fram_ro_start
0000c400   fram_rw_start
0000c600   .text
0000c600   __text__
0000c600   fram_rx_start
0000c600   hci_event_handler
0000cb7c   hci_unsol_event_handler
0000ceb8   simple_link_send
0000d0c4   hci_patch_send
0000d226   OpenUdpPort_Mgr
0000d348   rcvdata_from
0000d45a   SpiWrite
0000d54e   setsockopt
0000d63e   appMain
0000d72a   hci_unsol_handle_patch_request
0000d812   bind
0000d8ee   SpiReadDataCont
0000d9b0   senddata_to
0000da6c   wlan_start
0000db18   simple_link_recv
0000dbbe   wlan_set_event_mask
0000dc5a   socket
0000dcf2   CC3000_AsyncEventCallback
0000dd82   feature_Interpreter
0000de0e   hci_data_send
0000de96   init_wifiDriver
0000df14   SpiReadDataSynchronous
0000e006   IntSpiGPIOHandler
0000e07a   toggleLed
0000e0ee   turnLedOff
0000e162   turnLedOn
0000e1d6   set_socket_active_status
0000e248   closesocket
0000e2b8   receive_msg_from_Mgr
0000e324   UINT32_TO_STREAM_f
0000e38a   sendto
0000e3ea   wlan_init
0000e448   recvfrom
0000e4a2   get_socket_active_status
0000e4f8   hci_command_send
0000e54e   setsockopt_rcv_timeout
0000e5f0   SpiFirstWrite
0000e640   HostFlowControlConsumeBuff
0000e68e   STREAM_TO_UINT32_f
0000e726   SpiWriteDataSynchronous
0000e76c   _auto_init
0000e7b2   hci_unsolicited_event_handler
0000e7f8   L_LSL_15
0000e7fc   L_LSL_14
0000e800   L_LSL_13
0000e804   L_LSL_12
0000e808   L_LSL_11
0000e80c   L_LSL_10
0000e810   L_LSL_9
0000e814   L_LSL_8
0000e818   L_LSL_7
0000e81c   L_LSL_6
0000e820   L_LSL_5
0000e824   L_LSL_4
0000e828   L_LSL_3
0000e82c   L_LSL_2
0000e830   L_LSL_1
0000e836   L_LSR_15
0000e83a   L_LSR_14
0000e83e   L_LSR_13
0000e842   L_LSR_12
0000e846   L_LSR_11
0000e84a   L_LSR_10
0000e84e   L_LSR_9
0000e852   L_LSR_8
0000e856   L_LSR_7
0000e85a   L_LSR_6
0000e85e   L_LSR_5
0000e862   L_LSR_4
0000e866   L_LSR_3
0000e86a   L_LSR_2
0000e86e   L_LSR_1
0000e874   bootMain
0000e8b0   SpiOpen
0000e8ea   doAction_pds
0000e920   Execute_Mgr_Cmd
0000e954   init_spi
0000e988   test_send_data_to
0000e9bc   UINT16_TO_STREAM_f
0000e9ee   gpio_init
0000ea20   configurePins_4_Wlan
0000ea50   SpiTriggerRxProcessing
0000ea7a   _c_int00
0000ea7a   _c_int00_noexit
0000eaa4   STREAM_TO_UINT16_f
0000eaca   doAction_duke
0000eaee   main
0000eb10   SimpleLinkWaitData
0000eb2e   SimpleLinkWaitEvent
0000eb4a   wait_for_connection
0000eb66   WriteWlanPin
0000eb80   initLEDs
0000eb9a   open_rxPort_Mgr
0000ebb4   open_txPort_Mgr
0000ebce   initClk
0000ebe6   SpiReceiveHandler
0000ebfc   __divu
0000ebfc   __remu
0000ec12   __mpyi_f5hw
0000ec28   memset
0000ec3c   SSIContReadOperation
0000ec4e   memcpy
0000ec60   sendBootLoaderPatch
0000ec72   sendDriverPatch
0000ec84   sendWLFWPatch
0000ec96   L_LSL
0000eca6   SpiReadHeader
0000ecb4   WlanInterruptEnable
0000ecc0   doAction_SystemInfo
0000eccc   doAction_appsAlerts
0000ecd8   doAction_fwReboot
0000ece4   doAction_fwUpdate
0000ecf0   doAction_playtones
0000ecfc   fatal
0000ed08   RXBufferIsEmpty
0000ed12   ReadWlanInterruptPin
0000ed1c   TXBufferIsEmpty
0000ed26   I_LSL
0000ed30   SpiPauseSpi
0000ed36   SpiResumeSpi
0000ed3c   WlanInterruptDisable
0000ed42   Trap_ISR
0000ed48   TIMER1_A0_ISR
0000ed4c   _system_pre_init
0000ed50   C$$EXIT
0000ed50   abort
0000ed54   doAction_nullsupport
0000ed58   _nop
0000ed5a   misc_init_r
0000ed5c   misc_init_s
0000ed5e   __etext__
0000ed5e   etext
0000fffe   _reset_vector
ffffffff   __binit__
ffffffff   __c_args__
ffffffff   __pinit__
ffffffff   binit
ffffffff   pinit

[727 symbols]
